// Jest Snapshot v1, https://goo.gl/fbAQLP

exports[`snapshot 1`] = `
<div
  className="main"
>
  <div
    className="search"
  >
    <h2>
      Search for Github Users:
    </h2>
    <div
      className="ui action input left icon center"
    >
      <input
        data-testid="username-input"
        onChange={[Function]}
        onKeyDown={[Function]}
        placeholder="Search users..."
        type="text"
        value=""
      />
      <i
        className="large users icon"
      />
      <button
        className="large ui button"
        data-testid="search-btn"
        id="searchBtn"
        onClick={[Function]}
      >
        Search
      </button>
    </div>
  </div>
  <div
    className="ui items"
  />
  <div
    className="ui items"
  >
    <h2>
      Popular Javascript Repos
    </h2>
  </div>
</div>
`;
